2025-07-14 13:53:34,595 - INFO - ==================== ЗАПУСК СИСТЕМЫ V13.11 (Early Stopping) ====================
2025-07-14 13:53:34,628 - INFO - 🚀 NVIDIA CUDA: Tesla M40
2025-07-14 13:53:34,629 - INFO - 📊 GPU память: 0.0GB / 12.0GB
2025-07-14 13:53:34,629 - INFO - Начало иерархической загрузки данных...
2025-07-14 13:53:35,011 - INFO - Удалено 3834 строк с NaN/inf значениями.
2025-07-14 13:53:35,037 - INFO - Данные подготовлены. Image: (206406, 5), State: (206406, 8)
2025-07-14 13:53:35,038 - INFO - Данные разделены: 144484 обуч., 20640 валид., 41282 тест.
2025-07-14 13:53:36,327 - INFO - Модель PPO создана. Начало обучения с Early Stopping...
2025-07-14 13:54:07,660 - CRITICAL - Неперехваченная ошибка в main: not enough values to unpack (expected 5, got 4)
Traceback (most recent call last):
  File "/home/kureed/algotraide-with-ai/new/sentiment_trading_v85.py", line 239, in main
    model.learn(total_timesteps=TrendTraderConfig.TOTAL_TIMESTEPS, callback=[tqdm_callback, early_stopping_callback], reset_num_timesteps=False)
  File "/home/kureed/algotraide-with-ai/venv/lib/python3.12/site-packages/stable_baselines3/ppo/ppo.py", line 311, in learn
    return super().learn(
           ^^^^^^^^^^^^^^
  File "/home/kureed/algotraide-with-ai/venv/lib/python3.12/site-packages/stable_baselines3/common/on_policy_algorithm.py", line 324, in learn
    continue_training = self.collect_rollouts(self.env, callback, self.rollout_buffer, n_rollout_steps=self.n_steps)
                        ^^^^^^^^^^^^^^^^^^^^^^^^^^^^^^^^^^^^^^^^^^^^^^^^^^^^^^^^^^^^^^^^^^^^^^^^^^^^^^^^^^^^^^^^^^^^
  File "/home/kureed/algotraide-with-ai/venv/lib/python3.12/site-packages/stable_baselines3/common/on_policy_algorithm.py", line 224, in collect_rollouts
    if not callback.on_step():
           ^^^^^^^^^^^^^^^^^^
  File "/home/kureed/algotraide-with-ai/venv/lib/python3.12/site-packages/stable_baselines3/common/callbacks.py", line 114, in on_step
    return self._on_step()
           ^^^^^^^^^^^^^^^
  File "/home/kureed/algotraide-with-ai/venv/lib/python3.12/site-packages/stable_baselines3/common/callbacks.py", line 223, in _on_step
    continue_training = callback.on_step() and continue_training
                        ^^^^^^^^^^^^^^^^^^
  File "/home/kureed/algotraide-with-ai/venv/lib/python3.12/site-packages/stable_baselines3/common/callbacks.py", line 114, in on_step
    return self._on_step()
           ^^^^^^^^^^^^^^^
  File "/home/kureed/algotraide-with-ai/new/sentiment_trading_v85.py", line 167, in _on_step
    metric = self._evaluate_performance()
             ^^^^^^^^^^^^^^^^^^^^^^^^^^^^
  File "/home/kureed/algotraide-with-ai/new/sentiment_trading_v85.py", line 200, in _evaluate_performance
    obs, _, terminated, truncated, _ = eval_vec_env.step(action)
    ^^^^^^^^^^^^^^^^^^^^^^^^^^^^^^^^
ValueError: not enough values to unpack (expected 5, got 4)
